MySQL Shell 8.0.12

Copyright (c) 2016, 2018, Oracle and/or its affiliates. All rights reserved.

Oracle is a registered trademark of Oracle Corporation and/or its
affiliates. Other names may be trademarks of their respective
owners.

Type '\help' or '\?' for help; '\quit' to exit.


 MySQL  JS > \sql
Switching to SQL mode... Commands end with ;

 MySQL  SQL > \connect -c root@localhost
The -c option is deprecated, please use --mysql or -mc instead
Creating a Classic session to 'root@localhost'
Please provide the password for 'root@localhost': ****
Save password for 'root@localhost:3306'? [Y]es/[N]o/Ne[v]er (default No): y
Fetching schema names for autocompletion... Press ^C to stop.
Your MySQL connection id is 4
Server version: 5.5.20 MySQL Community Server (GPL)
No default schema selected; type \use <schema> to set one.


 MySQL  localhost:3306  SQL > \use evaluacion_1
Default schema set to `evaluacion_1`.
Fetching table and column names from `evaluacion_1` for auto-completion... Press ^C to stop.

 MySQL  localhost:3306  evaluacion_1  SQL > show tables;
+------------------------+
| Tables_in_evaluacion_1 |
+------------------------+
| carrera                |
| estudiantes            |
| horario                |
| jobs                   |
| materias               |
| nueva_carrera          |
| nueva_carrerota        |
| paises                 |
| personal               |
| personal2              |
+------------------------+
10 rows in set (0.0016 sec)

 MySQL  localhost:3306  evaluacion_1  SQL > select user from mysql.user;
+------+
| user |
+------+
| root |
+------+
1 row in set (0.0017 sec)

 MySQL  localhost:3306  evaluacion_1  SQL > select user from mysql.personal;
ERROR: 1146 (42S02): Table 'mysql.personal' doesn't exist

 MySQL  localhost:3306  evaluacion_1  SQL > select from * personal;
ERROR: 1064 (42000): You have an error in your SQL syntax; check the manual that corresponds to your MySQL server version for the right syntax to use near 'from * personal' at line 1

 MySQL  localhost:3306  evaluacion_1  SQL > select * from  personal;
+-------+----------+-----------+--------------+---------+----------+
| clave | nombre   | apellido  | departamento | salario | RFC      |
+-------+----------+-----------+--------------+---------+----------+
|     1 | Aaron    | NULL      | NULL         |    NULL | NULL     |
|     2 | Garabato | rodriguez | sistemas     |   10000 | NULL     |
|     3 | saul     | NULL      | NULL         |    NULL | NULL     |
|     4 | ana      | NULL      | NULL         |    NULL | NULL     |
|     5 | rodrigo  | NULL      | NULL         |    NULL | NULL     |
|  NULL | Juan     | Peres     | sistemas     |    NULL | YOLO1606 |
+-------+----------+-----------+--------------+---------+----------+
6 rows in set (0.0003 sec)

 MySQL  localhost:3306  evaluacion_1  SQL > create user 'total_user'@'localhost' identified by '123456';
Query OK, 0 rows affected (0.0037 sec)

 MySQL  localhost:3306  evaluacion_1  SQL > select user from mysql.personal;
ERROR: 1146 (42S02): Table 'mysql.personal' doesn't exist

 MySQL  localhost:3306  evaluacion_1  SQL > select user from mysql.user;
+------------+
| user       |
+------------+
| root       |
| total_user |
+------------+
2 rows in set (0.0002 sec)

 MySQL  localhost:3306  evaluacion_1  SQL > \connect -c total_user@localhost
The -c option is deprecated, please use --mysql or -mc instead
Creating a Classic session to 'total_user@localhost'
Please provide the password for 'total_user@localhost': ******
Save password for 'total_user@localhost:3306'? [Y]es/[N]o/Ne[v]er (default No): y
Fetching schema names for autocompletion... Press ^C to stop.
Closing old connection...
Your MySQL connection id is 11
Server version: 5.5.20 MySQL Community Server (GPL)
No default schema selected; type \use <schema> to set one.

 MySQL  localhost:3306  SQL > \connect -c root@localhost
The -c option is deprecated, please use --mysql or -mc instead
Creating a Classic session to 'root@localhost'
Please provide the password for 'root@localhost': ****
Save password for 'root@localhost:3306'? [Y]es/[N]o/Ne[v]er (default No): y
Fetching schema names for autocompletion... Press ^C to stop.
Closing old connection...
Your MySQL connection id is 12
Server version: 5.5.20 MySQL Community Server (GPL)
No default schema selected; type \use <schema> to set one.

 MySQL  localhost:3306  SQL > set password for 'total_user'@'localhost' = 'Yolo';
ERROR: 1372 (HY000): Password hash should be a 41-digit hexadecimal number

 MySQL  localhost:3306  SQL > set password for 'total_user'@'localhost' = '123';
ERROR: 1372 (HY000): Password hash should be a 41-digit hexadecimal number

 MySQL  localhost:3306  SQL > set password for 'total_user'@'localhost' = 'xxx.123';
ERROR: 1372 (HY000): Password hash should be a 41-digit hexadecimal number

 MySQL  localhost:3306  SQL > alre user ?total_user'@'localhost' identified by 'Yolo';

MySQL Shell 8.0.12

Copyright (c) 2016, 2018, Oracle and/or its affiliates. All rights reserved.

Oracle is a registered trademark of Oracle Corporation and/or its
affiliates. Other names may be trademarks of their respective
owners.

Type '\help' or '\?' for help; '\quit' to exit.


 MySQL  JS > \sql
Switching to SQL mode... Commands end with ;

 MySQL  SQL > \connect -c root@localhost
The -c option is deprecated, please use --mysql or -mc instead
Creating a Classic session to 'root@localhost'
Please provide the password for 'root@localhost': ****
Save password for 'root@localhost:3306'? [Y]es/[N]o/Ne[v]er (default No): y
Fetching schema names for autocompletion... Press ^C to stop.
Your MySQL connection id is 13
Server version: 5.5.20 MySQL Community Server (GPL)
No default schema selected; type \use <schema> to set one.

 MySQL  localhost:3306  SQL > \use evaluacion_1
Default schema set to `evaluacion_1`.
Fetching table and column names from `evaluacion_1` for auto-completion... Press ^C to stop.

 MySQL  localhost:3306  evaluacion_1  SQL > \connect -c root@localhost
The -c option is deprecated, please use --mysql or -mc instead
Creating a Classic session to 'root@localhost'
Please provide the password for 'root@localhost': ****
Save password for 'root@localhost:3306'? [Y]es/[N]o/Ne[v]er (default No):
Fetching schema names for autocompletion... Press ^C to stop.
Closing old connection...
Your MySQL connection id is 14
Server version: 5.5.20 MySQL Community Server (GPL)
No default schema selected; type \use <schema> to set one.

 MySQL  localhost:3306  SQL > set password for 'total_user'@'localhost' = password 'YOLO';
ERROR: 1064 (42000): You have an error in your SQL syntax; check the manual that corresponds to your MySQL server version for the right syntax to use near ''YOLO'' at line 1

 MySQL  localhost:3306  SQL > set password for 'total_user'@'localhost' = password "YOLO";
ERROR: 1064 (42000): You have an error in your SQL syntax; check the manual that corresponds to your MySQL server version for the right syntax to use near '"YOLO"' at line 1

 MySQL  localhost:3306  SQL > set password for 'total_user'@'localhost' = password 'Garabato1606';
ERROR: 1064 (42000): You have an error in your SQL syntax; check the manual that corresponds to your MySQL server version for the right syntax to use near ''Garabato1606'' at line 1

 MySQL  localhost:3306  SQL > grant all on evaluacion_1.* to 'total_user'@'localhost';
Query OK, 0 rows affected (0.0224 sec)

 MySQL  localhost:3306  SQL > \connect -c total_user@localhost
The -c option is deprecated, please use --mysql or -mc instead
Creating a Classic session to 'total_user@localhost'
Please provide the password for 'total_user@localhost': ******
Save password for 'total_user@localhost:3306'? [Y]es/[N]o/Ne[v]er (default No): y
Fetching schema names for autocompletion... Press ^C to stop.
Closing old connection...
Your MySQL connection id is 15
Server version: 5.5.20 MySQL Community Server (GPL)
No default schema selected; type \use <schema> to set one.

 MySQL  localhost:3306  SQL > show databases;
+--------------------+
| Database           |
+--------------------+
| information_schema |
| evaluacion_1       |
+--------------------+
2 rows in set (0.0005 sec)

 MySQL  localhost:3306  SQL > \use evaluacion_1
Default schema set to `evaluacion_1`.
Fetching table and column names from `evaluacion_1` for auto-completion... Press ^C to stop.

 MySQL  localhost:3306  evaluacion_1  SQL > select from * paises;
ERROR: 1064 (42000): You have an error in your SQL syntax; check the manual that corresponds to your MySQL server version for the right syntax to use near 'from * paises' at line 1

 MySQL  localhost:3306  evaluacion_1  SQL > select * from paises;
+--------+-------+-----------+------------+
| nombre | clave | poblacion | continente |
+--------+-------+-----------+------------+
| Mexico |     1 | 120000000 | America    |
+--------+-------+-----------+------------+
1 row in set (0.0003 sec)

 MySQL  localhost:3306  evaluacion_1  SQL > create user 'solo_tablas'@'localhost' identified by 'Yolo';
ERROR: 1227 (42000): Access denied; you need (at least one of) the CREATE USER privilege(s) for this operation

 MySQL  localhost:3306  evaluacion_1  SQL > \connect -c root@localhost
The -c option is deprecated, please use --mysql or -mc instead
Creating a Classic session to 'root@localhost'
Please provide the password for 'root@localhost': ****
Save password for 'root@localhost:3306'? [Y]es/[N]o/Ne[v]er (default No): y
Fetching schema names for autocompletion... Press ^C to stop.
Closing old connection...
Your MySQL connection id is 16
Server version: 5.5.20 MySQL Community Server (GPL)
No default schema selected; type \use <schema> to set one.

 MySQL  localhost:3306  SQL > create user 'solo_tablas'@'localhost' identified by 'Yolo';
Query OK, 0 rows affected (0.0026 sec)

 MySQL  localhost:3306  SQL > gran all on evaluacion_1.paises to 'solo_tablas'@'localhot';
ERROR: 1064 (42000): You have an error in your SQL syntax; check the manual that corresponds to your MySQL server version for the right syntax to use near 'gran all on evaluacion_1.paises to 'solo_tablas'@'localhot'' at line 1

 MySQL  localhost:3306  SQL > gran all on evaluacion_1.paises to 'solo_tablas'@'localhost';
ERROR: 1064 (42000): You have an error in your SQL syntax; check the manual that corresponds to your MySQL server version for the right syntax to use near 'gran all on evaluacion_1.paises to 'solo_tablas'@'localhost'' at line 1

 MySQL  localhost:3306  SQL > grant all on evaluacion_1.paises to 'solo_tablas'@'localhost';
Query OK, 0 rows affected (0.0004 sec)

 MySQL  localhost:3306  SQL > \connect -c solo_tablas@localhost
The -c option is deprecated, please use --mysql or -mc instead
Creating a Classic session to 'solo_tablas@localhost'
Please provide the password for 'solo_tablas@localhost': ****
Save password for 'solo_tablas@localhost:3306'? [Y]es/[N]o/Ne[v]er (default No): y
Fetching schema names for autocompletion... Press ^C to stop.
Closing old connection...
Your MySQL connection id is 17
Server version: 5.5.20 MySQL Community Server (GPL)
No default schema selected; type \use <schema> to set one.

 MySQL  localhost:3306  SQL > show tables;
ERROR: 1046 (3D000): No database selected

 MySQL  localhost:3306  SQL > \use evaluacion_1
Default schema set to `evaluacion_1`.
Fetching table and column names from `evaluacion_1` for auto-completion... Press ^C to stop.

 MySQL  localhost:3306  evaluacion_1  SQL > show tables;
+------------------------+
| Tables_in_evaluacion_1 |
+------------------------+
| paises                 |
+------------------------+
1 row in set (0.0007 sec)

 MySQL  localhost:3306  evaluacion_1  SQL > \connect -c root@localhost
The -c option is deprecated, please use --mysql or -mc instead
Creating a Classic session to 'root@localhost'
Please provide the password for 'root@localhost': ****
Save password for 'root@localhost:3306'? [Y]es/[N]o/Ne[v]er (default No): y
Fetching schema names for autocompletion... Press ^C to stop.
Closing old connection...
Your MySQL connection id is 18
Server version: 5.5.20 MySQL Community Server (GPL)
No default schema selected; type \use <schema> to set one.

 MySQL  localhost:3306  SQL > create user 'solo_select'@'localhost' identified by '123';
Query OK, 0 rows affected (0.0004 sec)

 MySQL  localhost:3306  SQL > grant select on evaluacion_1.paises to 'solo_select'@'localhost';
Query OK, 0 rows affected (0.0005 sec)

 MySQL  localhost:3306  SQL > \connect -c solo_select@localhost
The -c option is deprecated, please use --mysql or -mc instead
Creating a Classic session to 'solo_select@localhost'
Please provide the password for 'solo_select@localhost': ***
Save password for 'solo_select@localhost:3306'? [Y]es/[N]o/Ne[v]er (default No): y
Fetching schema names for autocompletion... Press ^C to stop.
Closing old connection...
Your MySQL connection id is 19
Server version: 5.5.20 MySQL Community Server (GPL)
No default schema selected; type \use <schema> to set one.

 MySQL  localhost:3306  SQL > show tables;
ERROR: 1046 (3D000): No database selected

 MySQL  localhost:3306  SQL > \use evaluacion_1
Default schema set to `evaluacion_1`.
Fetching table and column names from `evaluacion_1` for auto-completion... Press ^C to stop.

 MySQL  localhost:3306  evaluacion_1  SQL > use tables;
MySQL Error 1044 (42000): ClassicSession.runSql: Access denied for user 'solo_select'@'localhost' to database 'tables'

 MySQL  localhost:3306  evaluacion_1  SQL > show tables;
+------------------------+
| Tables_in_evaluacion_1 |
+------------------------+
| paises                 |
+------------------------+
1 row in set (0.0007 sec)

 MySQL  localhost:3306  evaluacion_1  SQL > drop table paises;
ERROR: 1142 (42000): DROP command denied to user 'solo_select'@'localhost' for table 'paises'

 MySQL  localhost:3306  evaluacion_1  SQL > select * from paises;
+--------+-------+-----------+------------+
| nombre | clave | poblacion | continente |
+--------+-------+-----------+------------+
| Mexico |     1 | 120000000 | America    |
+--------+-------+-----------+------------+
1 row in set (0.0003 sec)

 MySQL  localhost:3306  evaluacion_1  SQL >