MySQL Shell 8.0.12

Copyright (c) 2016, 2018, Oracle and/or its affiliates. All rights reserved.

Oracle is a registered trademark of Oracle Corporation and/or its
affiliates. Other names may be trademarks of their respective
owners.

Type '\help' or '\?' for help; '\quit' to exit.


 MySQL  JS > \sql
Switching to SQL mode... Commands end with ;

 MySQL  SQL > \connect -c root@localhost
The -c option is deprecated, please use --mysql or -mc instead
Creating a Classic session to 'root@localhost'
Please provide the password for 'root@localhost': ****
Save password for 'root@localhost:3306'? [Y]es/[N]o/Ne[v]er (default No): y
Fetching schema names for autocompletion... Press ^C to stop.
Your MySQL connection id is 18
Server version: 8.0.12 MySQL Community Server - GPL
No default schema selected; type \use <schema> to set one.

 MySQL  localhost:3306 ssl  SQL > \use evaluacion1
Default schema set to `evaluacion1`.
Fetching table and column names from `evaluacion1` for auto-completion... Press ^C to stop.

 MySQL  localhost:3306 ssl  evaluacion1  SQL > show tables;
+-----------------------+
| Tables_in_evaluacion1 |
+-----------------------+
| carrera               |
| clientes              |
| compras               |
| estudiantes           |
| facturas              |
| horario               |
| jobs                  |
| materias              |
| nueva_carrera         |
| nueva_carrerota       |
| paises                |
| personal              |
| personal2             |
| productos             |
+-----------------------+
14 rows in set (0.0020 sec)

 MySQL  localhost:3306 ssl  evaluacion1  SQL > select * from facturas;
+-------------+---------------------+------------+
| no_facturas | fecha_compra        | no_cliente |
+-------------+---------------------+------------+
|           6 | 2018-09-11 00:00:00 |          2 |
+-------------+---------------------+------------+
1 row in set (0.0017 sec)

 MySQL  localhost:3306 ssl  evaluacion1  SQL > create table factura_detalles(
                                           ... clave int auto_increment primary key,
                                           ... no_facturas int constraint foreign key facturas(no_factura),
                                           ... no_producto int constraint foreign key productos(no_producto),
                                           ... catindad int,
                                           ... descuento float,
                                           ... precio float);
ERROR: 1064 (42000): You have an error in your SQL syntax; check the manual that corresponds to your MySQL server version for the right syntax to use near 'constraint foreign key facturas(no_factura),
no_producto int constraint foreign ' at line 3 create table factura_detalles( clave int auto_increment primary key, no_facturas int, no_producto int constraint foreign key productos(no_producto), catindad int, descuento float, precio float,
                                           ...  key productos(no_producto), catindad int, descuento float, precio float,
                                           ...  key productos(no_producto), catindad int, descuento float, precio float;
                                           ...
                                           ...
                                           ... foreign key (no_factura) references facturas(no_factura),
                                           ... foreign key (no_producto) references productors(no_productos));
ERROR: 1064 (42000): You have an error in your SQL syntax; check the manual that corresponds to your MySQL server version for the right syntax to use near 'constraint foreign key productos(no_producto), catindad int, descuento float, pr' at line 1
                                               create table factura_detalles( clave int auto_increment primary key, no_facturas int, no_producto int, catindad int, descuento float, precio float, foreign key (no_factura) references facturas(no_factura), foreign key (no_producto) references productors(no_productos));
ERROR: 1072 (42000): Key column 'no_factura' doesn't exist in tabley (no_producto) references productors(no_productos));

 MySQL  localhost:3306 ssl  evaluacion1  SQL > create table factura_detalles( clave int auto_increment primary key, no_facturas int, no_producto int, catindad int, descuento float, precio float, foreign key (no_factura) references facturas(no_factura), foreign key (no_producto) references productors(no_producto));
ERROR: 1072 (42000): Key column 'no_factura' doesn't exist in table

 MySQL  localhost:3306 ssl  evaluacion1  SQL > create table factura_detalles( clave int auto_increment primary key, no_facturas int, no_producto int, catindad int, descuento float, precio float, foreign key (no_facturas) references facturas(no_facturas), foreign key (no_producto) references productors(no_producto));
ERROR: 1824 (HY000): Failed to open the referenced table 'productors'

 MySQL  localhost:3306 ssl  evaluacion1  SQL > create table factura_detalles( clave int auto_increment primary key, no_facturas int, no_producto int, catindad int, descuento float, precio float, foreign key (no_facturas) references facturas(no_facturas), foreign key (no_producto) references productos(no_producto));
Query OK, 0 rows affected (0.6416 sec)

 MySQL  localhost:3306 ssl  evaluacion1  SQL > select * from productos;
Empty set (0.0010 sec)

 MySQL  localhost:3306 ssl  evaluacion1  SQL > desc productos;
+-------------+-------------+------+-----+---------+----------------+
| Field       | Type        | Null | Key | Default | Extra          |
+-------------+-------------+------+-----+---------+----------------+
| no_producto | int(11)     | NO   | PRI | NULL    | auto_increment |
| nombre      | varchar(50) | YES  |     | NULL    |                |
| precio      | float       | YES  |     | NULL    |                |
+-------------+-------------+------+-----+---------+----------------+
3 rows in set (0.0021 sec)

 MySQL  localhost:3306 ssl  evaluacion1  SQL > insert into productos(nombre,precio) values ('Manzanas',15),
                                           ... ('peras',20), ('cocos',30);
Query OK, 3 rows affected (0.1922 sec)

Records: 3  Duplicates: 0  Warnings: 0

 MySQL  localhost:3306 ssl  evaluacion1  SQL > drop table factura_detalles;
Query OK, 0 rows affected (0.4462 sec)
                                               create table factura_detalles( clave int auto_increment primary key, no_facturas int, no_producto int, catindad int, descuento float, precio float, foreign key (no_facturas) references facturas(no_facturas) on update cascade on delete cascade, foreign key (no_producto) references productos(no_producto) on updatete cascade on delete restrict); on delete cascade, foreign key (no_producto) references productos(no_producto) on upda);
ERROR: 1064 (42000): You have an error in your SQL syntax; check the manual that corresponds to your MySQL server version for the right syntax to use near 'updatete cascade on delete restrict)' at line 1

 MySQL  localhost:3306 ssl  evaluacion1  SQL > create table factura_detalles( clave int auto_increment primary key, no_facturas int, no_producto int, catindad int, descuento float, precio float, foreign key (no_facturas) references facturas(no_facturas) on update cascade on delete cascade, foreign key (no_producto) references productos(no_producto) on update cascade on delete restrict);
Query OK, 0 rows affected (0.6948 sec)

 MySQL  localhost:3306 ssl  evaluacion1  SQL > insert into factura_detalles(no_factura, no_producto, cantidad, precio)
                                           ... values(2,1,100,15),(2,2,20,20),(2,3,50,30);
ERROR: 1054 (42S22): Unknown column 'no_factura' in 'field list'

 MySQL  localhost:3306 ssl  evaluacion1  SQL > select * from Facturas;
+-------------+---------------------+------------+
| no_facturas | fecha_compra        | no_cliente |
+-------------+---------------------+------------+
|           6 | 2018-09-11 00:00:00 |          2 |
+-------------+---------------------+------------+
1 row in set (0.0017 sec)

 MySQL  localhost:3306 ssl  evaluacion1  SQL > insert into factura_detalles(no_factura, no_producto, cantidad, precio) values(6,1,100,15),(6,2,20,20),(6,3,50,30);
ERROR: 1054 (42S22): Unknown column 'no_factura' in 'field list'

 MySQL  localhost:3306 ssl  evaluacion1  SQL > insert into factura_detalles(no_factura, no_producto, cantidad, precio) values(6,1,100,15),(6,2,20,20),(6,3,50,30);
ERROR: 1054 (42S22): Unknown column 'no_factura' in 'field list'

 MySQL  localhost:3306 ssl  evaluacion1  SQL > select * from factura_detalles;
Empty set (0.0005 sec)

 MySQL  localhost:3306 ssl  evaluacion1  SQL > insert into factura_detalles(no_factura, no_producto, cantidad, precio) values(6,1,100,15) ,(6,2,20,20) ,(6,3,50,30);
ERROR: 1054 (42S22): Unknown column 'no_factura' in 'field list'

 MySQL  localhost:3306 ssl  evaluacion1  SQL > select * from facturas;
+-------------+---------------------+------------+
| no_facturas | fecha_compra        | no_cliente |
+-------------+---------------------+------------+
|           6 | 2018-09-11 00:00:00 |          2 |
+-------------+---------------------+------------+
1 row in set (0.0005 sec)

 MySQL  localhost:3306 ssl  evaluacion1  SQL > select * from productos;
+-------------+----------+--------+
| no_producto | nombre   | precio |
+-------------+----------+--------+
|           1 | Manzanas |     15 |
|           2 | peras    |     20 |
|           3 | cocos    |     30 |
+-------------+----------+--------+
3 rows in set (0.0017 sec)

 MySQL  localhost:3306 ssl  evaluacion1  SQL > desc facturas;
+--------------+----------+------+-----+---------+----------------+
| Field        | Type     | Null | Key | Default | Extra          |
+--------------+----------+------+-----+---------+----------------+
| no_facturas  | int(11)  | NO   | PRI | NULL    | auto_increment |
| fecha_compra | datetime | YES  |     | NULL    |                |
| no_cliente   | int(11)  | YES  | MUL | NULL    |                |
+--------------+----------+------+-----+---------+----------------+
3 rows in set (0.0021 sec)

 MySQL  localhost:3306 ssl  evaluacion1  SQL > insert into factura_detalles(no_facturas, no_producto, cantidad, precio) values(6,1,100,15) ,(6,2,20,20) ,(6,3,50,30);
ERROR: 1054 (42S22): Unknown column 'cantidad' in 'field list'

 MySQL  localhost:3306 ssl  evaluacion1  SQL > desc productos;
+-------------+-------------+------+-----+---------+----------------+
| Field       | Type        | Null | Key | Default | Extra          |
+-------------+-------------+------+-----+---------+----------------+
| no_producto | int(11)     | NO   | PRI | NULL    | auto_increment |
| nombre      | varchar(50) | YES  |     | NULL    |                |
| precio      | float       | YES  |     | NULL    |                |
+-------------+-------------+------+-----+---------+----------------+
3 rows in set (0.0019 sec)

 MySQL  localhost:3306 ssl  evaluacion1  SQL > desc detalle_factura;
ERROR: 1146 (42S02): Table 'evaluacion1.detalle_factura' doesn't exist

 MySQL  localhost:3306 ssl  evaluacion1  SQL > desc factura_detalles;
+-------------+---------+------+-----+---------+----------------+
| Field       | Type    | Null | Key | Default | Extra          |
+-------------+---------+------+-----+---------+----------------+
| clave       | int(11) | NO   | PRI | NULL    | auto_increment |
| no_facturas | int(11) | YES  | MUL | NULL    |                |
| no_producto | int(11) | YES  | MUL | NULL    |                |
| catindad    | int(11) | YES  |     | NULL    |                |
| descuento   | float   | YES  |     | NULL    |                |
| precio      | float   | YES  |     | NULL    |                |
+-------------+---------+------+-----+---------+----------------+
6 rows in set (0.0021 sec)

 MySQL  localhost:3306 ssl  evaluacion1  SQL > insert into factura_detalles(no_facturas, no_producto, catindad, precio) values(6,1,100,15) ,(6,2,20,20) ,(6,3,50,30);
Query OK, 3 rows affected (0.1005 sec)

Records: 3  Duplicates: 0  Warnings: 0

 MySQL  localhost:3306 ssl  evaluacion1  SQL > select * from factura_detalle;
ERROR: 1146 (42S02): Table 'evaluacion1.factura_detalle' doesn't exist

 MySQL  localhost:3306 ssl  evaluacion1  SQL > select * from factura_detalles;
+-------+-------------+-------------+----------+-----------+--------+
| clave | no_facturas | no_producto | catindad | descuento | precio |
+-------+-------------+-------------+----------+-----------+--------+
|     1 |           6 |           1 |      100 |      NULL |     15 |
|     2 |           6 |           2 |       20 |      NULL |     20 |
|     3 |           6 |           3 |       50 |      NULL |     30 |
+-------+-------------+-------------+----------+-----------+--------+
3 rows in set (0.0005 sec)

 MySQL  localhost:3306 ssl  evaluacion1  SQL > desc carrera;
+-----------+-------------+------+-----+---------+-------+
| Field     | Type        | Null | Key | Default | Extra |
+-----------+-------------+------+-----+---------+-------+
| nombre    | varchar(50) | NO   | PRI |         |       |
| creditos  | int(11)     | YES  |     | NULL    |       |
| semestres | int(11)     | YES  |     | NULL    |       |
| area      | varchar(50) | NO   | PRI |         |       |
+-----------+-------------+------+-----+---------+-------+
4 rows in set (0.0023 sec)

 MySQL  localhost:3306 ssl  evaluacion1  SQL > create table horario(
                                           ... clave int auto_increment primary key,
                                           ... no_control varchar(50),
                                           ... hgfh;
ERROR: 1064 (42000): You have an error in your SQL syntax; check the manual that corresponds to your MySQL server version for the right syntax to use near '' at line 4

 MySQL  localhost:3306 ssl  evaluacion1  SQL >